// Jest Snapshot v1, https://goo.gl/fbAQLP

exports[`Gallery component should match the snapshot 1`] = `"<figure class=\\"img-figure\\" tabindex=\\"0\\"><img/><figcaption class=\\"title-figure\\"><h3 data-testid=\\"title\\">Image title</h3></figcaption></figure>"`;
